// Rstest Snapshot v1

exports[`1 · LazyComponent (dynamic) > L1. nested deep stack (dynamic, background) 1`] = `
{
  "code": 0,
  "raw": "@.rspeedy/LazyComponent/background.<hash>.js:<loc>",
  "release": "debugmetadata:<release>",
  "steps": [
    {
      "colno": 9,
      "context_line": "  throw new Error('boom from deep nested call (LazyComponent, background)');",
      "filename": "src/LazyComponent.tsx",
      "kind": "source-map",
      "lineno": 4,
      "post_context": [
        "}",
        "function lazyDeepMid() {",
        "  lazyDeepInner();",
        "}",
        "",
      ],
      "pre_context": [
        "import './LazyComponent.css';",
        "",
        "function lazyDeepInner(): never {",
      ],
    },
  ],
}
`;

exports[`1 · LazyComponent (dynamic) > L2. TypeError (dynamic, background) 1`] = `
{
  "code": 0,
  "raw": "@.rspeedy/LazyComponent/background.<hash>.js:<loc>",
  "release": "debugmetadata:<release>",
  "steps": [
    {
      "colno": 19,
      "context_line": "  return (obj.gone as () => void)();",
      "filename": "src/LazyComponent.tsx",
      "kind": "source-map",
      "lineno": 16,
      "post_context": [
        "}",
        "",
        "function lazyCrashUndefinedProp() {",
        "  const obj = {} as { missing?: { x: number } };",
        "  return obj.missing!.x;",
      ],
      "pre_context": [
        "  lazyDeepMid();",
        "}",
        "",
        "function lazyCrashType() {",
        "  const obj = {} as { gone?: () => void };",
      ],
    },
  ],
}
`;

exports[`1 · LazyComponent (dynamic) > L3. main-thread error (dynamic) 1`] = `
{
  "code": 0,
  "raw": "at <anonymous> (.rspeedy/LazyComponent/main-thread.js:<loc>)",
  "release": "debugmetadata:<release>",
  "steps": [
    {
      "colno": -1,
      "context_line": "<generated>",
      "filename": "main-thread.js",
      "kind": "bytecode-debug-info",
      "lineno": -1,
      "post_context": [],
      "pre_context": [],
    },
    {
      "colno": 19,
      "context_line": "  throw new Error('boom from LazyComponent main-thread');",
      "filename": "src/LazyComponent.tsx",
      "kind": "source-map",
      "lineno": 26,
      "post_context": [
        "}",
        "",
        "export default function LazyComponent() {",
        "  return (",
        "    <view className='crash-section'>",
      ],
      "pre_context": [
        "  return obj.missing!.x;",
        "}",
        "",
        "function lazyCrashMainThread() {",
        "  'main thread';",
      ],
    },
  ],
}
`;

exports[`1 · LazyComponent (dynamic) > L4. read .x of undefined (dynamic, background) 1`] = `
{
  "code": 0,
  "raw": "@.rspeedy/LazyComponent/background.<hash>.js:<loc>",
  "release": "debugmetadata:<release>",
  "steps": [
    {
      "colno": 24,
      "context_line": "  return obj.missing!.x;",
      "filename": "src/LazyComponent.tsx",
      "kind": "source-map",
      "lineno": 21,
      "post_context": [
        "}",
        "",
        "function lazyCrashMainThread() {",
        "  'main thread';",
        "  throw new Error('boom from LazyComponent main-thread');",
      ],
      "pre_context": [
        "  return (obj.gone as () => void)();",
        "}",
        "",
        "function lazyCrashUndefinedProp() {",
        "  const obj = {} as { missing?: { x: number } };",
      ],
    },
  ],
}
`;

exports[`2 · Host (App.tsx) > H1. throw new Error (host, background) 1`] = `
{
  "code": 0,
  "raw": "@.rspeedy/main/background.<hash>.js:<loc>",
  "release": "debugmetadata:<release>",
  "steps": [
    {
      "colno": 9,
      "context_line": "  throw new Error('explicit throw new Error (App.tsx host, background)');",
      "filename": "src/App.tsx",
      "kind": "source-map",
      "lineno": 32,
      "post_context": [
        "}",
        "",
        "function appCrashMainThread() {",
        "  'main thread';",
        "  throw new Error('boom from App.tsx main-thread (host)');",
      ],
      "pre_context": [
        "  const obj = {} as { missing?: () => void };",
        "  return (obj.missing as () => void)();",
        "}",
        "",
        "function appCrashThrow() {",
      ],
    },
  ],
}
`;

exports[`2 · Host (App.tsx) > H2. TypeError (host, background) 1`] = `
{
  "code": 0,
  "raw": "@.rspeedy/main/background.<hash>.js:<loc>",
  "release": "debugmetadata:<release>",
  "steps": [
    {
      "colno": 22,
      "context_line": "  return (obj.missing as () => void)();",
      "filename": "src/App.tsx",
      "kind": "source-map",
      "lineno": 28,
      "post_context": [
        "}",
        "",
        "function appCrashThrow() {",
        "  throw new Error('explicit throw new Error (App.tsx host, background)');",
        "}",
      ],
      "pre_context": [
        "  appDeepMid();",
        "}",
        "",
        "function appCrashType() {",
        "  const obj = {} as { missing?: () => void };",
      ],
    },
  ],
}
`;

exports[`2 · Host (App.tsx) > H3. nested deep stack (host, background) 1`] = `
{
  "code": 0,
  "raw": "@.rspeedy/main/background.<hash>.js:<loc>",
  "release": "debugmetadata:<release>",
  "steps": [
    {
      "colno": 9,
      "context_line": "  throw new Error('boom from App.tsx deep nested call (host, background)');",
      "filename": "src/App.tsx",
      "kind": "source-map",
      "lineno": 17,
      "post_context": [
        "}",
        "function appDeepMid() {",
        "  appDeepInner();",
        "}",
        "function appCrashNested() {",
      ],
      "pre_context": [
        "    },",
        "  })",
        ");",
        "",
        "function appDeepInner(): never {",
      ],
    },
  ],
}
`;

exports[`2 · Host (App.tsx) > H4. main-thread error (host) 1`] = `
{
  "code": 0,
  "raw": "at <anonymous> (.rspeedy/main/main-thread.js:<loc>)",
  "release": "debugmetadata:<release>",
  "steps": [
    {
      "colno": -1,
      "context_line": "<generated>",
      "filename": "main-thread.js",
      "kind": "bytecode-debug-info",
      "lineno": -1,
      "post_context": [],
      "pre_context": [],
    },
    {
      "colno": 19,
      "context_line": "  throw new Error('boom from App.tsx main-thread (host)');",
      "filename": "src/App.tsx",
      "kind": "source-map",
      "lineno": 37,
      "post_context": [
        "}",
        "",
        "export function App() {",
        "  useEffect(() => {",
        "    console.info('Hello, ReactLynx');",
      ],
      "pre_context": [
        "  throw new Error('explicit throw new Error (App.tsx host, background)');",
        "}",
        "",
        "function appCrashMainThread() {",
        "  'main thread';",
      ],
    },
  ],
}
`;

exports[`3 · CrashDemo (host) > 1. TypeError (call undefined, background) 1`] = `
{
  "code": 0,
  "raw": "@.rspeedy/main/background.<hash>.js:<loc>",
  "release": "debugmetadata:<release>",
  "steps": [
    {
      "colno": 27,
      "context_line": "  return (obj.notAFunction as () => void)();",
      "filename": "src/CrashDemo.tsx",
      "kind": "source-map",
      "lineno": 15,
      "post_context": [
        "}",
        "",
        "function crashReferenceError(): number {",
        "  // @ts-expect-error intentional undefined reference for the crash demo",
        "  // eslint-disable-next-line @typescript-eslint/no-unsafe-return",
      ],
      "pre_context": [
        "  mid();",
        "}",
        "",
        "function crashTypeError() {",
        "  const obj = {} as { notAFunction?: () => void };",
      ],
    },
  ],
}
`;

exports[`3 · CrashDemo (host) > 2. ReferenceError (background) 1`] = `
{
  "code": 0,
  "raw": "@.rspeedy/main/background.<hash>.js:<loc>",
  "release": "debugmetadata:<release>",
  "steps": [
    {
      "colno": 10,
      "context_line": "  return notDefinedVariable + 1;",
      "filename": "src/CrashDemo.tsx",
      "function_name": "notDefinedVariable",
      "kind": "source-map",
      "lineno": 21,
      "post_context": [
        "}",
        "",
        "function crashExplicit() {",
        "  throw new Error('explicit throw new Error (background)');",
        "}",
      ],
      "pre_context": [
        "}",
        "",
        "function crashReferenceError(): number {",
        "  // @ts-expect-error intentional undefined reference for the crash demo",
        "  // eslint-disable-next-line @typescript-eslint/no-unsafe-return",
      ],
    },
  ],
}
`;

exports[`3 · CrashDemo (host) > 3. throw new Error (background) 1`] = `
{
  "code": 0,
  "raw": "@.rspeedy/main/background.<hash>.js:<loc>",
  "release": "debugmetadata:<release>",
  "steps": [
    {
      "colno": 9,
      "context_line": "  throw new Error('explicit throw new Error (background)');",
      "filename": "src/CrashDemo.tsx",
      "kind": "source-map",
      "lineno": 25,
      "post_context": [
        "}",
        "",
        "function crashNested() {",
        "  outer();",
        "}",
      ],
      "pre_context": [
        "  // eslint-disable-next-line @typescript-eslint/no-unsafe-return",
        "  return notDefinedVariable + 1;",
        "}",
        "",
        "function crashExplicit() {",
      ],
    },
  ],
}
`;

exports[`3 · CrashDemo (host) > 4. nested deep stack (background) 1`] = `
{
  "code": 0,
  "raw": "@.rspeedy/main/background.<hash>.js:<loc>",
  "release": "debugmetadata:<release>",
  "steps": [
    {
      "colno": 9,
      "context_line": "  throw new Error('boom from deep nested call (background)');",
      "filename": "src/CrashDemo.tsx",
      "kind": "source-map",
      "lineno": 4,
      "post_context": [
        "}",
        "function mid() {",
        "  innerThrow();",
        "}",
        "function outer() {",
      ],
      "pre_context": [
        "import { useState } from '@lynx-js/react';",
        "",
        "function innerThrow(): never {",
      ],
    },
  ],
}
`;

exports[`3 · CrashDemo (host) > 7. main-thread error 1`] = `
{
  "code": 0,
  "raw": "at <anonymous> (.rspeedy/main/main-thread.js:<loc>)",
  "release": "debugmetadata:<release>",
  "steps": [
    {
      "colno": -1,
      "context_line": "<generated>",
      "filename": "main-thread.js",
      "kind": "bytecode-debug-info",
      "lineno": -1,
      "post_context": [],
      "pre_context": [],
    },
    {
      "colno": 19,
      "context_line": "  throw new Error('boom from main-thread');",
      "filename": "src/CrashDemo.tsx",
      "kind": "source-map",
      "lineno": 34,
      "post_context": [
        "}",
        "",
        "export function CrashDemo() {",
        "  const [, setTick] = useState(0);",
        "  return (",
      ],
      "pre_context": [
        "  outer();",
        "}",
        "",
        "function crashMainThread() {",
        "  'main thread';",
      ],
    },
  ],
}
`;
